// Jest Snapshot v1, https://goo.gl/fbAQLP

exports[`DatabaseClient tests should return all the usernames 1`] = `
[
  "batman",
  "superman",
  "wonderwoman",
]
`;
